[debug] [2026-08-27T14:12:40.806Z] ----------------------------------------------------------------------
[debug] [2026-08-27T14:12:40.809Z] Command:       C:\Program Files\nodejs\node.exe C:\Users\jouan\AppData\Roaming\npm\node_modules\firebase-tools\lib\bin\firebase.js apps:sdkconfig WEB --project clipsync-store-20260823
[debug] [2026-08-27T14:12:40.809Z] CLI Version:   15.28.1
[debug] [2026-08-27T14:12:40.809Z] Platform:      win32
[debug] [2026-08-27T14:12:40.809Z] Node Version:  v24.14.0
[debug] [2026-08-27T14:12:40.809Z] Detected Agent: antigravity
[debug] [2026-08-27T14:12:40.810Z] Time:          Thu Aug 27 2026 16:12:40 GMT+0200 (heure d’été d’Europe centrale)
[debug] [2026-08-27T14:12:40.810Z] ----------------------------------------------------------------------
[debug] 
[debug] [2026-08-27T14:12:40.821Z] >>> [apiv2][query] GET https://firebase-public.firebaseio.com/cli.json [none]
[debug] [2026-08-27T14:12:41.071Z] > command requires scopes: ["email","openid","https://www.googleapis.com/auth/cloudplatformprojects.readonly","https://www.googleapis.com/auth/firebase","https://www.googleapis.com/auth/cloud-platform"]
[debug] [2026-08-27T14:12:41.072Z] > authorizing via signed-in user (jouanard.barnabe@gmail.com)
[debug] [2026-08-27T14:12:41.073Z] Checked if tokens are valid: true, expires at: 1787842179577
[debug] [2026-08-27T14:12:41.073Z] Checked if tokens are valid: true, expires at: 1787842179577
[debug] [2026-08-27T14:12:41.073Z] >>> [apiv2][query] GET https://firebase.googleapis.com/v1beta1/projects/clipsync-store-20260823/webApps pageSize=100
[debug] [2026-08-27T14:12:41.656Z] <<< [apiv2][status] GET https://firebase-public.firebaseio.com/cli.json 200
[debug] [2026-08-27T14:12:41.656Z] <<< [apiv2][body] GET https://firebase-public.firebaseio.com/cli.json {"cloudBuildErrorAfter":1594252800000,"cloudBuildWarnAfter":1590019200000,"defaultNode10After":1594252800000,"minVersion":"3.0.5","node8DeploysDisabledAfter":1613390400000,"node8RuntimeDisabledAfter":1615809600000,"node8WarnAfter":1600128000000}
[debug] [2026-08-27T14:12:41.776Z] <<< [apiv2][status] GET https://firebase.googleapis.com/v1beta1/projects/clipsync-store-20260823/webApps 403
[debug] [2026-08-27T14:12:41.776Z] <<< [apiv2][body] GET https://firebase.googleapis.com/v1beta1/projects/clipsync-store-20260823/webApps {"error":{"code":403,"message":"The caller does not have permission","status":"PERMISSION_DENIED"}}
[debug] [2026-08-27T14:12:41.777Z] Request to https://firebase.googleapis.com/v1beta1/projects/clipsync-store-20260823/webApps?pageSize=100 had HTTP Error: 403, The caller does not have permission
[debug] [2026-08-27T14:12:41.922Z] FirebaseError: Request to https://firebase.googleapis.com/v1beta1/projects/clipsync-store-20260823/webApps?pageSize=100 had HTTP Error: 403, The caller does not have permission
    at responseToError (C:\Users\jouan\AppData\Roaming\npm\node_modules\firebase-tools\lib\responseToError.js:53:12)
    at RetryOperation._fn (C:\Users\jouan\AppData\Roaming\npm\node_modules\firebase-tools\lib\apiv2.js:415:77)
    at process.processTicksAndRejections (node:internal/process/task_queues:104:5)
[error] 
[error] Error: Failed to list Firebase WEB apps. See firebase-debug.log for more info.
